<!DOCTYPE html>
<html>
<head>
    <title>Test</title>
    <meta http-equiv="Content-Type" content="text/html; charset=UTF-8"/>
    
        <link href="css/merged.css" rel="stylesheet">
        <script src="js/merged.js"></script>
    

</head>
<body>

<div data-role="page" id="loading">
    <content>
        Test Content
    </content>
</div>

<script type="text/template" id="noteTemplate">
    <div><%= name %></div>
    <h5>Note Created On : <%= date %></h5>
    <h5><%= text %></h5>
</script>

</body>
</html>



